// Jest Snapshot v1, https://goo.gl/fbAQLP

exports[`Link renders as a different component if provided 1`] = `"<div location=\\"[object Object]\\" params=\\"[object Object]\\" route=\\"[object Object]\\"><div data-href=\\"/bar\\" role=\\"link\\" tabindex=\\"0\\">Baz</div></div>"`;

exports[`Link renders as an anchor tag by default 1`] = `"<div location=\\"[object Object]\\" params=\\"[object Object]\\" route=\\"[object Object]\\"><a href=\\"/bar\\" data-href=\\"/bar\\" role=\\"link\\" tabindex=\\"0\\">Baz</a></div>"`;

exports[`Link sets [data-active] if the link href matches the active route 1`] = `"<div location=\\"[object Object]\\" params=\\"[object Object]\\" route=\\"[object Object]\\"><a href=\\"/foo\\" data-active=\\"\\" data-href=\\"/foo\\" role=\\"link\\" tabindex=\\"0\\">Baz</a></div>"`;
